ARM GAS  C:\Users\CHANTI~1\AppData\Local\Temp\ccWxZw5a.s 			page 1


   1              		.syntax unified
   2              		.cpu cortex-m3
   3              		.fpu softvfp
   4              		.eabi_attribute 20, 1
   5              		.eabi_attribute 21, 1
   6              		.eabi_attribute 23, 3
   7              		.eabi_attribute 24, 1
   8              		.eabi_attribute 25, 1
   9              		.eabi_attribute 26, 1
  10              		.eabi_attribute 30, 1
  11              		.eabi_attribute 34, 1
  12              		.eabi_attribute 18, 4
  13              		.thumb
  14              		.syntax unified
  15              		.file	"Pin_9_11.c"
  16              		.text
  17              	.Ltext0:
  18              		.cfi_sections	.debug_frame
  19              		.section	.text.Pin_9_11_Write,"ax",%progbits
  20              		.align	2
  21              		.global	Pin_9_11_Write
  22              		.thumb
  23              		.thumb_func
  24              		.type	Pin_9_11_Write, %function
  25              	Pin_9_11_Write:
  26              	.LFB0:
  27              		.file 1 "Generated_Source\\PSoC5\\Pin_9_11.c"
   1:Generated_Source\PSoC5/Pin_9_11.c **** /*******************************************************************************
   2:Generated_Source\PSoC5/Pin_9_11.c **** * File Name: Pin_9_11.c  
   3:Generated_Source\PSoC5/Pin_9_11.c **** * Version 2.20
   4:Generated_Source\PSoC5/Pin_9_11.c **** *
   5:Generated_Source\PSoC5/Pin_9_11.c **** * Description:
   6:Generated_Source\PSoC5/Pin_9_11.c **** *  This file contains API to enable firmware control of a Pins component.
   7:Generated_Source\PSoC5/Pin_9_11.c **** *
   8:Generated_Source\PSoC5/Pin_9_11.c **** * Note:
   9:Generated_Source\PSoC5/Pin_9_11.c **** *
  10:Generated_Source\PSoC5/Pin_9_11.c **** ********************************************************************************
  11:Generated_Source\PSoC5/Pin_9_11.c **** * Copyright 2008-2015, Cypress Semiconductor Corporation.  All rights reserved.
  12:Generated_Source\PSoC5/Pin_9_11.c **** * You may use this file only in accordance with the license, terms, conditions, 
  13:Generated_Source\PSoC5/Pin_9_11.c **** * disclaimers, and limitations in the end user license agreement accompanying 
  14:Generated_Source\PSoC5/Pin_9_11.c **** * the software package with which this file was provided.
  15:Generated_Source\PSoC5/Pin_9_11.c **** *******************************************************************************/
  16:Generated_Source\PSoC5/Pin_9_11.c **** 
  17:Generated_Source\PSoC5/Pin_9_11.c **** #include "cytypes.h"
  18:Generated_Source\PSoC5/Pin_9_11.c **** #include "Pin_9_11.h"
  19:Generated_Source\PSoC5/Pin_9_11.c **** 
  20:Generated_Source\PSoC5/Pin_9_11.c **** /* APIs are not generated for P15[7:6] on PSoC 5 */
  21:Generated_Source\PSoC5/Pin_9_11.c **** #if !(CY_PSOC5A &&\
  22:Generated_Source\PSoC5/Pin_9_11.c **** 	 Pin_9_11__PORT == 15 && ((Pin_9_11__MASK & 0xC0) != 0))
  23:Generated_Source\PSoC5/Pin_9_11.c **** 
  24:Generated_Source\PSoC5/Pin_9_11.c **** 
  25:Generated_Source\PSoC5/Pin_9_11.c **** /*******************************************************************************
  26:Generated_Source\PSoC5/Pin_9_11.c **** * Function Name: Pin_9_11_Write
  27:Generated_Source\PSoC5/Pin_9_11.c **** ****************************************************************************//**
  28:Generated_Source\PSoC5/Pin_9_11.c **** *
  29:Generated_Source\PSoC5/Pin_9_11.c **** * \brief Writes the value to the physical port (data output register), masking
  30:Generated_Source\PSoC5/Pin_9_11.c **** *  and shifting the bits appropriately. 
ARM GAS  C:\Users\CHANTI~1\AppData\Local\Temp\ccWxZw5a.s 			page 2


  31:Generated_Source\PSoC5/Pin_9_11.c **** *
  32:Generated_Source\PSoC5/Pin_9_11.c **** * The data output register controls the signal applied to the physical pin in 
  33:Generated_Source\PSoC5/Pin_9_11.c **** * conjunction with the drive mode parameter. This function avoids changing 
  34:Generated_Source\PSoC5/Pin_9_11.c **** * other bits in the port by using the appropriate method (read-modify-write or
  35:Generated_Source\PSoC5/Pin_9_11.c **** * bit banding).
  36:Generated_Source\PSoC5/Pin_9_11.c **** *
  37:Generated_Source\PSoC5/Pin_9_11.c **** * <b>Note</b> This function should not be used on a hardware digital output pin 
  38:Generated_Source\PSoC5/Pin_9_11.c **** * as it is driven by the hardware signal attached to it.
  39:Generated_Source\PSoC5/Pin_9_11.c **** *
  40:Generated_Source\PSoC5/Pin_9_11.c **** * \param value
  41:Generated_Source\PSoC5/Pin_9_11.c **** *  Value to write to the component instance.
  42:Generated_Source\PSoC5/Pin_9_11.c **** *
  43:Generated_Source\PSoC5/Pin_9_11.c **** * \return 
  44:Generated_Source\PSoC5/Pin_9_11.c **** *  None 
  45:Generated_Source\PSoC5/Pin_9_11.c **** *
  46:Generated_Source\PSoC5/Pin_9_11.c **** * \sideeffect
  47:Generated_Source\PSoC5/Pin_9_11.c **** *  If you use read-modify-write operations that are not atomic; the Interrupt 
  48:Generated_Source\PSoC5/Pin_9_11.c **** *  Service Routines (ISR) can cause corruption of this function. An ISR that 
  49:Generated_Source\PSoC5/Pin_9_11.c **** *  interrupts this function and performs writes to the Pins component data 
  50:Generated_Source\PSoC5/Pin_9_11.c **** *  register can cause corrupted port data. To avoid this issue, you should 
  51:Generated_Source\PSoC5/Pin_9_11.c **** *  either use the Per-Pin APIs (primary method) or disable interrupts around 
  52:Generated_Source\PSoC5/Pin_9_11.c **** *  this function.
  53:Generated_Source\PSoC5/Pin_9_11.c **** *
  54:Generated_Source\PSoC5/Pin_9_11.c **** * \funcusage
  55:Generated_Source\PSoC5/Pin_9_11.c **** *  \snippet Pin_9_11_SUT.c usage_Pin_9_11_Write
  56:Generated_Source\PSoC5/Pin_9_11.c **** *******************************************************************************/
  57:Generated_Source\PSoC5/Pin_9_11.c **** void Pin_9_11_Write(uint8 value)
  58:Generated_Source\PSoC5/Pin_9_11.c **** {
  28              		.loc 1 58 0
  29              		.cfi_startproc
  30              		@ args = 0, pretend = 0, frame = 0
  31              		@ frame_needed = 0, uses_anonymous_args = 0
  32              		@ link register save eliminated.
  33              	.LVL0:
  59:Generated_Source\PSoC5/Pin_9_11.c ****     uint8 staticBits = (Pin_9_11_DR & (uint8)(~Pin_9_11_MASK));
  34              		.loc 1 59 0
  35 0000 044A     		ldr	r2, .L2
  36 0002 1378     		ldrb	r3, [r2]	@ zero_extendqisi2
  37 0004 03F09F03 		and	r3, r3, #159
  38              	.LVL1:
  60:Generated_Source\PSoC5/Pin_9_11.c ****     Pin_9_11_DR = staticBits | ((uint8)(value << Pin_9_11_SHIFT) & Pin_9_11_MASK);
  39              		.loc 1 60 0
  40 0008 4001     		lsls	r0, r0, #5
  41              	.LVL2:
  42 000a 00F06000 		and	r0, r0, #96
  43 000e 1843     		orrs	r0, r0, r3
  44 0010 1070     		strb	r0, [r2]
  45 0012 7047     		bx	lr
  46              	.L3:
  47              		.align	2
  48              	.L2:
  49 0014 20510040 		.word	1073762592
  50              		.cfi_endproc
  51              	.LFE0:
  52              		.size	Pin_9_11_Write, .-Pin_9_11_Write
  53              		.section	.text.Pin_9_11_SetDriveMode,"ax",%progbits
  54              		.align	2
ARM GAS  C:\Users\CHANTI~1\AppData\Local\Temp\ccWxZw5a.s 			page 3


  55              		.global	Pin_9_11_SetDriveMode
  56              		.thumb
  57              		.thumb_func
  58              		.type	Pin_9_11_SetDriveMode, %function
  59              	Pin_9_11_SetDriveMode:
  60              	.LFB1:
  61:Generated_Source\PSoC5/Pin_9_11.c **** }
  62:Generated_Source\PSoC5/Pin_9_11.c **** 
  63:Generated_Source\PSoC5/Pin_9_11.c **** 
  64:Generated_Source\PSoC5/Pin_9_11.c **** /*******************************************************************************
  65:Generated_Source\PSoC5/Pin_9_11.c **** * Function Name: Pin_9_11_SetDriveMode
  66:Generated_Source\PSoC5/Pin_9_11.c **** ****************************************************************************//**
  67:Generated_Source\PSoC5/Pin_9_11.c **** *
  68:Generated_Source\PSoC5/Pin_9_11.c **** * \brief Sets the drive mode for each of the Pins component's pins.
  69:Generated_Source\PSoC5/Pin_9_11.c **** * 
  70:Generated_Source\PSoC5/Pin_9_11.c **** * <b>Note</b> This affects all pins in the Pins component instance. Use the
  71:Generated_Source\PSoC5/Pin_9_11.c **** * Per-Pin APIs if you wish to control individual pin's drive modes.
  72:Generated_Source\PSoC5/Pin_9_11.c **** *
  73:Generated_Source\PSoC5/Pin_9_11.c **** * \param mode
  74:Generated_Source\PSoC5/Pin_9_11.c **** *  Mode for the selected signals. Valid options are documented in 
  75:Generated_Source\PSoC5/Pin_9_11.c **** *  \ref driveMode.
  76:Generated_Source\PSoC5/Pin_9_11.c **** *
  77:Generated_Source\PSoC5/Pin_9_11.c **** * \return
  78:Generated_Source\PSoC5/Pin_9_11.c **** *  None
  79:Generated_Source\PSoC5/Pin_9_11.c **** *
  80:Generated_Source\PSoC5/Pin_9_11.c **** * \sideeffect
  81:Generated_Source\PSoC5/Pin_9_11.c **** *  If you use read-modify-write operations that are not atomic, the ISR can
  82:Generated_Source\PSoC5/Pin_9_11.c **** *  cause corruption of this function. An ISR that interrupts this function 
  83:Generated_Source\PSoC5/Pin_9_11.c **** *  and performs writes to the Pins component Drive Mode registers can cause 
  84:Generated_Source\PSoC5/Pin_9_11.c **** *  corrupted port data. To avoid this issue, you should either use the Per-Pin
  85:Generated_Source\PSoC5/Pin_9_11.c **** *  APIs (primary method) or disable interrupts around this function.
  86:Generated_Source\PSoC5/Pin_9_11.c **** *
  87:Generated_Source\PSoC5/Pin_9_11.c **** * \funcusage
  88:Generated_Source\PSoC5/Pin_9_11.c **** *  \snippet Pin_9_11_SUT.c usage_Pin_9_11_SetDriveMode
  89:Generated_Source\PSoC5/Pin_9_11.c **** *******************************************************************************/
  90:Generated_Source\PSoC5/Pin_9_11.c **** void Pin_9_11_SetDriveMode(uint8 mode)
  91:Generated_Source\PSoC5/Pin_9_11.c **** {
  61              		.loc 1 91 0
  62              		.cfi_startproc
  63              		@ args = 0, pretend = 0, frame = 0
  64              		@ frame_needed = 0, uses_anonymous_args = 0
  65              		@ link register save eliminated.
  66              	.LVL3:
  92:Generated_Source\PSoC5/Pin_9_11.c **** 	CyPins_SetPinDriveMode(Pin_9_11_0, mode);
  67              		.loc 1 92 0
  68 0000 074A     		ldr	r2, .L5
  69 0002 1378     		ldrb	r3, [r2]	@ zero_extendqisi2
  70 0004 00F00E00 		and	r0, r0, #14
  71              	.LVL4:
  72 0008 03F0F103 		and	r3, r3, #241
  73 000c 0343     		orrs	r3, r3, r0
  74 000e 1370     		strb	r3, [r2]
  93:Generated_Source\PSoC5/Pin_9_11.c **** 	CyPins_SetPinDriveMode(Pin_9_11_1, mode);
  75              		.loc 1 93 0
  76 0010 0132     		adds	r2, r2, #1
  77 0012 1378     		ldrb	r3, [r2]	@ zero_extendqisi2
  78 0014 03F0F103 		and	r3, r3, #241
ARM GAS  C:\Users\CHANTI~1\AppData\Local\Temp\ccWxZw5a.s 			page 4


  79 0018 1843     		orrs	r0, r0, r3
  80 001a 1070     		strb	r0, [r2]
  81 001c 7047     		bx	lr
  82              	.L6:
  83 001e 00BF     		.align	2
  84              	.L5:
  85 0020 15500040 		.word	1073762325
  86              		.cfi_endproc
  87              	.LFE1:
  88              		.size	Pin_9_11_SetDriveMode, .-Pin_9_11_SetDriveMode
  89              		.section	.text.Pin_9_11_Read,"ax",%progbits
  90              		.align	2
  91              		.global	Pin_9_11_Read
  92              		.thumb
  93              		.thumb_func
  94              		.type	Pin_9_11_Read, %function
  95              	Pin_9_11_Read:
  96              	.LFB2:
  94:Generated_Source\PSoC5/Pin_9_11.c **** }
  95:Generated_Source\PSoC5/Pin_9_11.c **** 
  96:Generated_Source\PSoC5/Pin_9_11.c **** 
  97:Generated_Source\PSoC5/Pin_9_11.c **** /*******************************************************************************
  98:Generated_Source\PSoC5/Pin_9_11.c **** * Function Name: Pin_9_11_Read
  99:Generated_Source\PSoC5/Pin_9_11.c **** ****************************************************************************//**
 100:Generated_Source\PSoC5/Pin_9_11.c **** *
 101:Generated_Source\PSoC5/Pin_9_11.c **** * \brief Reads the associated physical port (pin status register) and masks 
 102:Generated_Source\PSoC5/Pin_9_11.c **** *  the required bits according to the width and bit position of the component
 103:Generated_Source\PSoC5/Pin_9_11.c **** *  instance. 
 104:Generated_Source\PSoC5/Pin_9_11.c **** *
 105:Generated_Source\PSoC5/Pin_9_11.c **** * The pin's status register returns the current logic level present on the 
 106:Generated_Source\PSoC5/Pin_9_11.c **** * physical pin.
 107:Generated_Source\PSoC5/Pin_9_11.c **** *
 108:Generated_Source\PSoC5/Pin_9_11.c **** * \return 
 109:Generated_Source\PSoC5/Pin_9_11.c **** *  The current value for the pins in the component as a right justified number.
 110:Generated_Source\PSoC5/Pin_9_11.c **** *
 111:Generated_Source\PSoC5/Pin_9_11.c **** * \funcusage
 112:Generated_Source\PSoC5/Pin_9_11.c **** *  \snippet Pin_9_11_SUT.c usage_Pin_9_11_Read  
 113:Generated_Source\PSoC5/Pin_9_11.c **** *******************************************************************************/
 114:Generated_Source\PSoC5/Pin_9_11.c **** uint8 Pin_9_11_Read(void)
 115:Generated_Source\PSoC5/Pin_9_11.c **** {
  97              		.loc 1 115 0
  98              		.cfi_startproc
  99              		@ args = 0, pretend = 0, frame = 0
 100              		@ frame_needed = 0, uses_anonymous_args = 0
 101              		@ link register save eliminated.
 116:Generated_Source\PSoC5/Pin_9_11.c ****     return (Pin_9_11_PS & Pin_9_11_MASK) >> Pin_9_11_SHIFT;
 102              		.loc 1 116 0
 103 0000 024B     		ldr	r3, .L8
 104 0002 1878     		ldrb	r0, [r3]	@ zero_extendqisi2
 117:Generated_Source\PSoC5/Pin_9_11.c **** }
 105              		.loc 1 117 0
 106 0004 C0F34110 		ubfx	r0, r0, #5, #2
 107 0008 7047     		bx	lr
 108              	.L9:
 109 000a 00BF     		.align	2
 110              	.L8:
 111 000c 21510040 		.word	1073762593
ARM GAS  C:\Users\CHANTI~1\AppData\Local\Temp\ccWxZw5a.s 			page 5


 112              		.cfi_endproc
 113              	.LFE2:
 114              		.size	Pin_9_11_Read, .-Pin_9_11_Read
 115              		.section	.text.Pin_9_11_ReadDataReg,"ax",%progbits
 116              		.align	2
 117              		.global	Pin_9_11_ReadDataReg
 118              		.thumb
 119              		.thumb_func
 120              		.type	Pin_9_11_ReadDataReg, %function
 121              	Pin_9_11_ReadDataReg:
 122              	.LFB3:
 118:Generated_Source\PSoC5/Pin_9_11.c **** 
 119:Generated_Source\PSoC5/Pin_9_11.c **** 
 120:Generated_Source\PSoC5/Pin_9_11.c **** /*******************************************************************************
 121:Generated_Source\PSoC5/Pin_9_11.c **** * Function Name: Pin_9_11_ReadDataReg
 122:Generated_Source\PSoC5/Pin_9_11.c **** ****************************************************************************//**
 123:Generated_Source\PSoC5/Pin_9_11.c **** *
 124:Generated_Source\PSoC5/Pin_9_11.c **** * \brief Reads the associated physical port's data output register and masks 
 125:Generated_Source\PSoC5/Pin_9_11.c **** *  the correct bits according to the width and bit position of the component 
 126:Generated_Source\PSoC5/Pin_9_11.c **** *  instance. 
 127:Generated_Source\PSoC5/Pin_9_11.c **** *
 128:Generated_Source\PSoC5/Pin_9_11.c **** * The data output register controls the signal applied to the physical pin in 
 129:Generated_Source\PSoC5/Pin_9_11.c **** * conjunction with the drive mode parameter. This is not the same as the 
 130:Generated_Source\PSoC5/Pin_9_11.c **** * preferred Pin_9_11_Read() API because the 
 131:Generated_Source\PSoC5/Pin_9_11.c **** * Pin_9_11_ReadDataReg() reads the data register instead of the status 
 132:Generated_Source\PSoC5/Pin_9_11.c **** * register. For output pins this is a useful function to determine the value 
 133:Generated_Source\PSoC5/Pin_9_11.c **** * just written to the pin.
 134:Generated_Source\PSoC5/Pin_9_11.c **** *
 135:Generated_Source\PSoC5/Pin_9_11.c **** * \return 
 136:Generated_Source\PSoC5/Pin_9_11.c **** *  The current value of the data register masked and shifted into a right 
 137:Generated_Source\PSoC5/Pin_9_11.c **** *  justified number for the component instance.
 138:Generated_Source\PSoC5/Pin_9_11.c **** *
 139:Generated_Source\PSoC5/Pin_9_11.c **** * \funcusage
 140:Generated_Source\PSoC5/Pin_9_11.c **** *  \snippet Pin_9_11_SUT.c usage_Pin_9_11_ReadDataReg 
 141:Generated_Source\PSoC5/Pin_9_11.c **** *******************************************************************************/
 142:Generated_Source\PSoC5/Pin_9_11.c **** uint8 Pin_9_11_ReadDataReg(void)
 143:Generated_Source\PSoC5/Pin_9_11.c **** {
 123              		.loc 1 143 0
 124              		.cfi_startproc
 125              		@ args = 0, pretend = 0, frame = 0
 126              		@ frame_needed = 0, uses_anonymous_args = 0
 127              		@ link register save eliminated.
 144:Generated_Source\PSoC5/Pin_9_11.c ****     return (Pin_9_11_DR & Pin_9_11_MASK) >> Pin_9_11_SHIFT;
 128              		.loc 1 144 0
 129 0000 024B     		ldr	r3, .L11
 130 0002 1878     		ldrb	r0, [r3]	@ zero_extendqisi2
 145:Generated_Source\PSoC5/Pin_9_11.c **** }
 131              		.loc 1 145 0
 132 0004 C0F34110 		ubfx	r0, r0, #5, #2
 133 0008 7047     		bx	lr
 134              	.L12:
 135 000a 00BF     		.align	2
 136              	.L11:
 137 000c 20510040 		.word	1073762592
 138              		.cfi_endproc
 139              	.LFE3:
 140              		.size	Pin_9_11_ReadDataReg, .-Pin_9_11_ReadDataReg
ARM GAS  C:\Users\CHANTI~1\AppData\Local\Temp\ccWxZw5a.s 			page 6


 141              		.text
 142              	.Letext0:
 143              		.file 2 "Generated_Source\\PSoC5\\cytypes.h"
 144              		.section	.debug_info,"",%progbits
 145              	.Ldebug_info0:
 146 0000 1B010000 		.4byte	0x11b
 147 0004 0400     		.2byte	0x4
 148 0006 00000000 		.4byte	.Ldebug_abbrev0
 149 000a 04       		.byte	0x4
 150 000b 01       		.uleb128 0x1
 151 000c 3A000000 		.4byte	.LASF20
 152 0010 0C       		.byte	0xc
 153 0011 EB010000 		.4byte	.LASF21
 154 0015 6B010000 		.4byte	.LASF22
 155 0019 00000000 		.4byte	.Ldebug_ranges0+0
 156 001d 00000000 		.4byte	0
 157 0021 00000000 		.4byte	.Ldebug_line0
 158 0025 02       		.uleb128 0x2
 159 0026 01       		.byte	0x1
 160 0027 06       		.byte	0x6
 161 0028 C9010000 		.4byte	.LASF0
 162 002c 02       		.uleb128 0x2
 163 002d 01       		.byte	0x1
 164 002e 08       		.byte	0x8
 165 002f 2C000000 		.4byte	.LASF1
 166 0033 02       		.uleb128 0x2
 167 0034 02       		.byte	0x2
 168 0035 05       		.byte	0x5
 169 0036 44010000 		.4byte	.LASF2
 170 003a 02       		.uleb128 0x2
 171 003b 02       		.byte	0x2
 172 003c 07       		.byte	0x7
 173 003d EE000000 		.4byte	.LASF3
 174 0041 02       		.uleb128 0x2
 175 0042 04       		.byte	0x4
 176 0043 05       		.byte	0x5
 177 0044 54010000 		.4byte	.LASF4
 178 0048 02       		.uleb128 0x2
 179 0049 04       		.byte	0x4
 180 004a 07       		.byte	0x7
 181 004b DC000000 		.4byte	.LASF5
 182 004f 02       		.uleb128 0x2
 183 0050 08       		.byte	0x8
 184 0051 05       		.byte	0x5
 185 0052 31010000 		.4byte	.LASF6
 186 0056 02       		.uleb128 0x2
 187 0057 08       		.byte	0x8
 188 0058 07       		.byte	0x7
 189 0059 15010000 		.4byte	.LASF7
 190 005d 03       		.uleb128 0x3
 191 005e 04       		.byte	0x4
 192 005f 05       		.byte	0x5
 193 0060 696E7400 		.ascii	"int\000"
 194 0064 02       		.uleb128 0x2
 195 0065 04       		.byte	0x4
 196 0066 07       		.byte	0x7
 197 0067 08010000 		.4byte	.LASF8
ARM GAS  C:\Users\CHANTI~1\AppData\Local\Temp\ccWxZw5a.s 			page 7


 198 006b 04       		.uleb128 0x4
 199 006c 4E010000 		.4byte	.LASF12
 200 0070 02       		.byte	0x2
 201 0071 E401     		.2byte	0x1e4
 202 0073 2C000000 		.4byte	0x2c
 203 0077 02       		.uleb128 0x2
 204 0078 04       		.byte	0x4
 205 0079 04       		.byte	0x4
 206 007a 26000000 		.4byte	.LASF9
 207 007e 02       		.uleb128 0x2
 208 007f 08       		.byte	0x8
 209 0080 04       		.byte	0x4
 210 0081 01010000 		.4byte	.LASF10
 211 0085 02       		.uleb128 0x2
 212 0086 01       		.byte	0x1
 213 0087 08       		.byte	0x8
 214 0088 3F010000 		.4byte	.LASF11
 215 008c 04       		.uleb128 0x4
 216 008d D7000000 		.4byte	.LASF13
 217 0091 02       		.byte	0x2
 218 0092 8E02     		.2byte	0x28e
 219 0094 98000000 		.4byte	0x98
 220 0098 05       		.uleb128 0x5
 221 0099 6B000000 		.4byte	0x6b
 222 009d 06       		.uleb128 0x6
 223 009e C8000000 		.4byte	.LASF14
 224 00a2 01       		.byte	0x1
 225 00a3 39       		.byte	0x39
 226 00a4 00000000 		.4byte	.LFB0
 227 00a8 18000000 		.4byte	.LFE0-.LFB0
 228 00ac 01       		.uleb128 0x1
 229 00ad 9C       		.byte	0x9c
 230 00ae CF000000 		.4byte	0xcf
 231 00b2 07       		.uleb128 0x7
 232 00b3 00000000 		.4byte	.LASF16
 233 00b7 01       		.byte	0x1
 234 00b8 39       		.byte	0x39
 235 00b9 6B000000 		.4byte	0x6b
 236 00bd 00000000 		.4byte	.LLST0
 237 00c1 08       		.uleb128 0x8
 238 00c2 1B000000 		.4byte	.LASF23
 239 00c6 01       		.byte	0x1
 240 00c7 3B       		.byte	0x3b
 241 00c8 6B000000 		.4byte	0x6b
 242 00cc 01       		.uleb128 0x1
 243 00cd 53       		.byte	0x53
 244 00ce 00       		.byte	0
 245 00cf 06       		.uleb128 0x6
 246 00d0 D5010000 		.4byte	.LASF15
 247 00d4 01       		.byte	0x1
 248 00d5 5A       		.byte	0x5a
 249 00d6 00000000 		.4byte	.LFB1
 250 00da 24000000 		.4byte	.LFE1-.LFB1
 251 00de 01       		.uleb128 0x1
 252 00df 9C       		.byte	0x9c
 253 00e0 F4000000 		.4byte	0xf4
 254 00e4 07       		.uleb128 0x7
ARM GAS  C:\Users\CHANTI~1\AppData\Local\Temp\ccWxZw5a.s 			page 8


 255 00e5 2C010000 		.4byte	.LASF17
 256 00e9 01       		.byte	0x1
 257 00ea 5A       		.byte	0x5a
 258 00eb 6B000000 		.4byte	0x6b
 259 00ef 21000000 		.4byte	.LLST1
 260 00f3 00       		.byte	0
 261 00f4 09       		.uleb128 0x9
 262 00f5 5D010000 		.4byte	.LASF18
 263 00f9 01       		.byte	0x1
 264 00fa 72       		.byte	0x72
 265 00fb 6B000000 		.4byte	0x6b
 266 00ff 00000000 		.4byte	.LFB2
 267 0103 10000000 		.4byte	.LFE2-.LFB2
 268 0107 01       		.uleb128 0x1
 269 0108 9C       		.byte	0x9c
 270 0109 09       		.uleb128 0x9
 271 010a 06000000 		.4byte	.LASF19
 272 010e 01       		.byte	0x1
 273 010f 8E       		.byte	0x8e
 274 0110 6B000000 		.4byte	0x6b
 275 0114 00000000 		.4byte	.LFB3
 276 0118 10000000 		.4byte	.LFE3-.LFB3
 277 011c 01       		.uleb128 0x1
 278 011d 9C       		.byte	0x9c
 279 011e 00       		.byte	0
 280              		.section	.debug_abbrev,"",%progbits
 281              	.Ldebug_abbrev0:
 282 0000 01       		.uleb128 0x1
 283 0001 11       		.uleb128 0x11
 284 0002 01       		.byte	0x1
 285 0003 25       		.uleb128 0x25
 286 0004 0E       		.uleb128 0xe
 287 0005 13       		.uleb128 0x13
 288 0006 0B       		.uleb128 0xb
 289 0007 03       		.uleb128 0x3
 290 0008 0E       		.uleb128 0xe
 291 0009 1B       		.uleb128 0x1b
 292 000a 0E       		.uleb128 0xe
 293 000b 55       		.uleb128 0x55
 294 000c 17       		.uleb128 0x17
 295 000d 11       		.uleb128 0x11
 296 000e 01       		.uleb128 0x1
 297 000f 10       		.uleb128 0x10
 298 0010 17       		.uleb128 0x17
 299 0011 00       		.byte	0
 300 0012 00       		.byte	0
 301 0013 02       		.uleb128 0x2
 302 0014 24       		.uleb128 0x24
 303 0015 00       		.byte	0
 304 0016 0B       		.uleb128 0xb
 305 0017 0B       		.uleb128 0xb
 306 0018 3E       		.uleb128 0x3e
 307 0019 0B       		.uleb128 0xb
 308 001a 03       		.uleb128 0x3
 309 001b 0E       		.uleb128 0xe
 310 001c 00       		.byte	0
 311 001d 00       		.byte	0
ARM GAS  C:\Users\CHANTI~1\AppData\Local\Temp\ccWxZw5a.s 			page 9


 312 001e 03       		.uleb128 0x3
 313 001f 24       		.uleb128 0x24
 314 0020 00       		.byte	0
 315 0021 0B       		.uleb128 0xb
 316 0022 0B       		.uleb128 0xb
 317 0023 3E       		.uleb128 0x3e
 318 0024 0B       		.uleb128 0xb
 319 0025 03       		.uleb128 0x3
 320 0026 08       		.uleb128 0x8
 321 0027 00       		.byte	0
 322 0028 00       		.byte	0
 323 0029 04       		.uleb128 0x4
 324 002a 16       		.uleb128 0x16
 325 002b 00       		.byte	0
 326 002c 03       		.uleb128 0x3
 327 002d 0E       		.uleb128 0xe
 328 002e 3A       		.uleb128 0x3a
 329 002f 0B       		.uleb128 0xb
 330 0030 3B       		.uleb128 0x3b
 331 0031 05       		.uleb128 0x5
 332 0032 49       		.uleb128 0x49
 333 0033 13       		.uleb128 0x13
 334 0034 00       		.byte	0
 335 0035 00       		.byte	0
 336 0036 05       		.uleb128 0x5
 337 0037 35       		.uleb128 0x35
 338 0038 00       		.byte	0
 339 0039 49       		.uleb128 0x49
 340 003a 13       		.uleb128 0x13
 341 003b 00       		.byte	0
 342 003c 00       		.byte	0
 343 003d 06       		.uleb128 0x6
 344 003e 2E       		.uleb128 0x2e
 345 003f 01       		.byte	0x1
 346 0040 3F       		.uleb128 0x3f
 347 0041 19       		.uleb128 0x19
 348 0042 03       		.uleb128 0x3
 349 0043 0E       		.uleb128 0xe
 350 0044 3A       		.uleb128 0x3a
 351 0045 0B       		.uleb128 0xb
 352 0046 3B       		.uleb128 0x3b
 353 0047 0B       		.uleb128 0xb
 354 0048 27       		.uleb128 0x27
 355 0049 19       		.uleb128 0x19
 356 004a 11       		.uleb128 0x11
 357 004b 01       		.uleb128 0x1
 358 004c 12       		.uleb128 0x12
 359 004d 06       		.uleb128 0x6
 360 004e 40       		.uleb128 0x40
 361 004f 18       		.uleb128 0x18
 362 0050 9742     		.uleb128 0x2117
 363 0052 19       		.uleb128 0x19
 364 0053 01       		.uleb128 0x1
 365 0054 13       		.uleb128 0x13
 366 0055 00       		.byte	0
 367 0056 00       		.byte	0
 368 0057 07       		.uleb128 0x7
ARM GAS  C:\Users\CHANTI~1\AppData\Local\Temp\ccWxZw5a.s 			page 10


 369 0058 05       		.uleb128 0x5
 370 0059 00       		.byte	0
 371 005a 03       		.uleb128 0x3
 372 005b 0E       		.uleb128 0xe
 373 005c 3A       		.uleb128 0x3a
 374 005d 0B       		.uleb128 0xb
 375 005e 3B       		.uleb128 0x3b
 376 005f 0B       		.uleb128 0xb
 377 0060 49       		.uleb128 0x49
 378 0061 13       		.uleb128 0x13
 379 0062 02       		.uleb128 0x2
 380 0063 17       		.uleb128 0x17
 381 0064 00       		.byte	0
 382 0065 00       		.byte	0
 383 0066 08       		.uleb128 0x8
 384 0067 34       		.uleb128 0x34
 385 0068 00       		.byte	0
 386 0069 03       		.uleb128 0x3
 387 006a 0E       		.uleb128 0xe
 388 006b 3A       		.uleb128 0x3a
 389 006c 0B       		.uleb128 0xb
 390 006d 3B       		.uleb128 0x3b
 391 006e 0B       		.uleb128 0xb
 392 006f 49       		.uleb128 0x49
 393 0070 13       		.uleb128 0x13
 394 0071 02       		.uleb128 0x2
 395 0072 18       		.uleb128 0x18
 396 0073 00       		.byte	0
 397 0074 00       		.byte	0
 398 0075 09       		.uleb128 0x9
 399 0076 2E       		.uleb128 0x2e
 400 0077 00       		.byte	0
 401 0078 3F       		.uleb128 0x3f
 402 0079 19       		.uleb128 0x19
 403 007a 03       		.uleb128 0x3
 404 007b 0E       		.uleb128 0xe
 405 007c 3A       		.uleb128 0x3a
 406 007d 0B       		.uleb128 0xb
 407 007e 3B       		.uleb128 0x3b
 408 007f 0B       		.uleb128 0xb
 409 0080 27       		.uleb128 0x27
 410 0081 19       		.uleb128 0x19
 411 0082 49       		.uleb128 0x49
 412 0083 13       		.uleb128 0x13
 413 0084 11       		.uleb128 0x11
 414 0085 01       		.uleb128 0x1
 415 0086 12       		.uleb128 0x12
 416 0087 06       		.uleb128 0x6
 417 0088 40       		.uleb128 0x40
 418 0089 18       		.uleb128 0x18
 419 008a 9742     		.uleb128 0x2117
 420 008c 19       		.uleb128 0x19
 421 008d 00       		.byte	0
 422 008e 00       		.byte	0
 423 008f 00       		.byte	0
 424              		.section	.debug_loc,"",%progbits
 425              	.Ldebug_loc0:
ARM GAS  C:\Users\CHANTI~1\AppData\Local\Temp\ccWxZw5a.s 			page 11


 426              	.LLST0:
 427 0000 00000000 		.4byte	.LVL0
 428 0004 0A000000 		.4byte	.LVL2
 429 0008 0100     		.2byte	0x1
 430 000a 50       		.byte	0x50
 431 000b 0A000000 		.4byte	.LVL2
 432 000f 18000000 		.4byte	.LFE0
 433 0013 0400     		.2byte	0x4
 434 0015 F3       		.byte	0xf3
 435 0016 01       		.uleb128 0x1
 436 0017 50       		.byte	0x50
 437 0018 9F       		.byte	0x9f
 438 0019 00000000 		.4byte	0
 439 001d 00000000 		.4byte	0
 440              	.LLST1:
 441 0021 00000000 		.4byte	.LVL3
 442 0025 08000000 		.4byte	.LVL4
 443 0029 0100     		.2byte	0x1
 444 002b 50       		.byte	0x50
 445 002c 08000000 		.4byte	.LVL4
 446 0030 24000000 		.4byte	.LFE1
 447 0034 0400     		.2byte	0x4
 448 0036 F3       		.byte	0xf3
 449 0037 01       		.uleb128 0x1
 450 0038 50       		.byte	0x50
 451 0039 9F       		.byte	0x9f
 452 003a 00000000 		.4byte	0
 453 003e 00000000 		.4byte	0
 454              		.section	.debug_aranges,"",%progbits
 455 0000 34000000 		.4byte	0x34
 456 0004 0200     		.2byte	0x2
 457 0006 00000000 		.4byte	.Ldebug_info0
 458 000a 04       		.byte	0x4
 459 000b 00       		.byte	0
 460 000c 0000     		.2byte	0
 461 000e 0000     		.2byte	0
 462 0010 00000000 		.4byte	.LFB0
 463 0014 18000000 		.4byte	.LFE0-.LFB0
 464 0018 00000000 		.4byte	.LFB1
 465 001c 24000000 		.4byte	.LFE1-.LFB1
 466 0020 00000000 		.4byte	.LFB2
 467 0024 10000000 		.4byte	.LFE2-.LFB2
 468 0028 00000000 		.4byte	.LFB3
 469 002c 10000000 		.4byte	.LFE3-.LFB3
 470 0030 00000000 		.4byte	0
 471 0034 00000000 		.4byte	0
 472              		.section	.debug_ranges,"",%progbits
 473              	.Ldebug_ranges0:
 474 0000 00000000 		.4byte	.LFB0
 475 0004 18000000 		.4byte	.LFE0
 476 0008 00000000 		.4byte	.LFB1
 477 000c 24000000 		.4byte	.LFE1
 478 0010 00000000 		.4byte	.LFB2
 479 0014 10000000 		.4byte	.LFE2
 480 0018 00000000 		.4byte	.LFB3
 481 001c 10000000 		.4byte	.LFE3
 482 0020 00000000 		.4byte	0
ARM GAS  C:\Users\CHANTI~1\AppData\Local\Temp\ccWxZw5a.s 			page 12


 483 0024 00000000 		.4byte	0
 484              		.section	.debug_line,"",%progbits
 485              	.Ldebug_line0:
 486 0000 92000000 		.section	.debug_str,"MS",%progbits,1
 486      02004500 
 486      00000201 
 486      FB0E0D00 
 486      01010101 
 487              	.LASF16:
 488 0000 76616C75 		.ascii	"value\000"
 488      6500
 489              	.LASF19:
 490 0006 50696E5F 		.ascii	"Pin_9_11_ReadDataReg\000"
 490      395F3131 
 490      5F526561 
 490      64446174 
 490      61526567 
 491              	.LASF23:
 492 001b 73746174 		.ascii	"staticBits\000"
 492      69634269 
 492      747300
 493              	.LASF9:
 494 0026 666C6F61 		.ascii	"float\000"
 494      7400
 495              	.LASF1:
 496 002c 756E7369 		.ascii	"unsigned char\000"
 496      676E6564 
 496      20636861 
 496      7200
 497              	.LASF20:
 498 003a 474E5520 		.ascii	"GNU C11 5.4.1 20160609 (release) [ARM/embedded-5-br"
 498      43313120 
 498      352E342E 
 498      31203230 
 498      31363036 
 499 006d 616E6368 		.ascii	"anch revision 237715] -mcpu=cortex-m3 -mthumb -g -O"
 499      20726576 
 499      6973696F 
 499      6E203233 
 499      37373135 
 500 00a0 67202D66 		.ascii	"g -ffunction-sections -ffat-lto-objects\000"
 500      66756E63 
 500      74696F6E 
 500      2D736563 
 500      74696F6E 
 501              	.LASF14:
 502 00c8 50696E5F 		.ascii	"Pin_9_11_Write\000"
 502      395F3131 
 502      5F577269 
 502      746500
 503              	.LASF13:
 504 00d7 72656738 		.ascii	"reg8\000"
 504      00
 505              	.LASF5:
 506 00dc 6C6F6E67 		.ascii	"long unsigned int\000"
 506      20756E73 
 506      69676E65 
ARM GAS  C:\Users\CHANTI~1\AppData\Local\Temp\ccWxZw5a.s 			page 13


 506      6420696E 
 506      7400
 507              	.LASF3:
 508 00ee 73686F72 		.ascii	"short unsigned int\000"
 508      7420756E 
 508      7369676E 
 508      65642069 
 508      6E7400
 509              	.LASF10:
 510 0101 646F7562 		.ascii	"double\000"
 510      6C6500
 511              	.LASF8:
 512 0108 756E7369 		.ascii	"unsigned int\000"
 512      676E6564 
 512      20696E74 
 512      00
 513              	.LASF7:
 514 0115 6C6F6E67 		.ascii	"long long unsigned int\000"
 514      206C6F6E 
 514      6720756E 
 514      7369676E 
 514      65642069 
 515              	.LASF17:
 516 012c 6D6F6465 		.ascii	"mode\000"
 516      00
 517              	.LASF6:
 518 0131 6C6F6E67 		.ascii	"long long int\000"
 518      206C6F6E 
 518      6720696E 
 518      7400
 519              	.LASF11:
 520 013f 63686172 		.ascii	"char\000"
 520      00
 521              	.LASF2:
 522 0144 73686F72 		.ascii	"short int\000"
 522      7420696E 
 522      7400
 523              	.LASF12:
 524 014e 75696E74 		.ascii	"uint8\000"
 524      3800
 525              	.LASF4:
 526 0154 6C6F6E67 		.ascii	"long int\000"
 526      20696E74 
 526      00
 527              	.LASF18:
 528 015d 50696E5F 		.ascii	"Pin_9_11_Read\000"
 528      395F3131 
 528      5F526561 
 528      6400
 529              	.LASF22:
 530 016b 433A5C55 		.ascii	"C:\\Users\\Chantilly Robotics\\Documents\\2020_Cont"
 530      73657273 
 530      5C436861 
 530      6E74696C 
 530      6C792052 
 531 019a 726F6C5F 		.ascii	"rol_Scheme\\PSoC-2020\\2020-Control-Scheme.cydsn\000"
 531      53636865 
ARM GAS  C:\Users\CHANTI~1\AppData\Local\Temp\ccWxZw5a.s 			page 14


 531      6D655C50 
 531      536F432D 
 531      32303230 
 532              	.LASF0:
 533 01c9 7369676E 		.ascii	"signed char\000"
 533      65642063 
 533      68617200 
 534              	.LASF15:
 535 01d5 50696E5F 		.ascii	"Pin_9_11_SetDriveMode\000"
 535      395F3131 
 535      5F536574 
 535      44726976 
 535      654D6F64 
 536              	.LASF21:
 537 01eb 47656E65 		.ascii	"Generated_Source\\PSoC5\\Pin_9_11.c\000"
 537      72617465 
 537      645F536F 
 537      75726365 
 537      5C50536F 
 538              		.ident	"GCC: (GNU Tools for ARM Embedded Processors) 5.4.1 20160609 (release) [ARM/embedded-5-bran
